id;name;email;type;phone;address;enabled
11111;Pedro Barbosa;pedro@test.com;tipo1;(47) 1111-2222;Av. Macieira - 777;true
22222;Ana Barbosa;ana@test.com;tipo2;(47) 3333-4444;Av. Laranjeiras - 888;true
