id;name;email;type;phone;address;enabled
22222;Ana Barbosa;ana@test.com;tipo2;(47) 3333-4444;Av. Laranjeiras - 888;true
33333;Joao Silva;joao@test.com;tipo2;(47) 5555-6666;Av. Bananeira - 999;true
